// Jest Snapshot v1, https://goo.gl/fbAQLP

exports[`Button component mounts properly 1`] = `
<Button>
  <button
    className="focus:outline-none rounded-sm hover:bg-emerald-light px-4 py-5 w-full text-white text-xl bg-emerald"
    type="button"
  >
    Register User
  </button>
</Button>
`;
